#-----------------------------------------------------------
# Webtalk v2020.2 (64-bit)
# SW Build 3064766 on Wed Nov 18 09:12:47 MST 2020
# IP Build 3064653 on Wed Nov 18 14:17:31 MST 2020
# Start of session at: Fri Mar 20 00:25:22 2026
# Process ID: 398959
# Current directory: /media/nisitha/My_Passport/MOODLE/Vivado_projects/FPGA_based_CNN_Acclerator/fpga_based_cnn_v20/fpga_based_cnn_v20.sim/sim_1/behav/xsim
# Command line: wbtcv -mode batch -source /media/nisitha/My_Passport/MOODLE/Vivado_projects/FPGA_based_CNN_Acclerator/fpga_based_cnn_v20/fpga_based_cnn_v20.sim/sim_1/behav/xsim/xsim.dir/tb_top_behav/webtalk/xsim_webtalk.tcl -notrace
# Log file: /media/nisitha/My_Passport/MOODLE/Vivado_projects/FPGA_based_CNN_Acclerator/fpga_based_cnn_v20/fpga_based_cnn_v20.sim/sim_1/behav/xsim/webtalk.log
# Journal file: /media/nisitha/My_Passport/MOODLE/Vivado_projects/FPGA_based_CNN_Acclerator/fpga_based_cnn_v20/fpga_based_cnn_v20.sim/sim_1/behav/xsim/webtalk.jou
#-----------------------------------------------------------
source /media/nisitha/My_Passport/MOODLE/Vivado_projects/FPGA_based_CNN_Acclerator/fpga_based_cnn_v20/fpga_based_cnn_v20.sim/sim_1/behav/xsim/xsim.dir/tb_top_behav/webtalk/xsim_webtalk.tcl -notrace
